[
  {
    "id": "@zodiacs/engine@0.1.1-rc.6",
    "name": "@zodiacs/engine",
    "version": "0.1.1-rc.6",
    "size": 36591,
    "unpackedSize": 122552,
    "shasum": "5075b286acc1ce76c44f40fda4eb699f432eb0c6",
    "integrity": "sha512-W3zxJPAjG699AP/9xLXf5iKxSg9o+DMSUQzyLf5yrCjlubr/mWGIO4SOOHfx1VKFC9k+s5bqt34kMi4E2j5n5g==",
    "filename": "zodiacs-engine-0.1.1-rc.6.tgz",
    "files": [
      {
        "path": "CHANGELOG.md",
        "size": 6727,
        "mode": 420
      },
      {
        "path": "LICENSE",
        "size": 1068,
        "mode": 420
      },
      {
        "path": "LICENSING.md",
        "size": 2591,
        "mode": 420
      },
      {
        "path": "NOTICE",
        "size": 1378,
        "mode": 420
      },
      {
        "path": "README.md",
        "size": 15856,
        "mode": 420
      },
      {
        "path": "dist/chunk-CPALRSPC.js",
        "size": 1459,
        "mode": 420
      },
      {
        "path": "dist/chunk-GBH7JIYF.js",
        "size": 4644,
        "mode": 420
      },
      {
        "path": "dist/chunk-H7RJKCBO.js",
        "size": 4213,
        "mode": 420
      },
      {
        "path": "dist/chunk-INI453VG.js",
        "size": 4693,
        "mode": 420
      },
      {
        "path": "dist/chunk-K5MRTCWE.js",
        "size": 2593,
        "mode": 420
      },
      {
        "path": "dist/geo.d.ts",
        "size": 2172,
        "mode": 420
      },
      {
        "path": "dist/geo.js",
        "size": 11785,
        "mode": 420
      },
      {
        "path": "dist/index.d.ts",
        "size": 4010,
        "mode": 420
      },
      {
        "path": "dist/index.js",
        "size": 13163,
        "mode": 420
      },
      {
        "path": "dist/internal-math-BQEuq8XE.d.ts",
        "size": 5630,
        "mode": 420
      },
      {
        "path": "dist/internal-math.d.ts",
        "size": 595,
        "mode": 420
      },
      {
        "path": "dist/internal-math.js",
        "size": 591,
        "mode": 420
      },
      {
        "path": "dist/internal.d.ts",
        "size": 502,
        "mode": 420
      },
      {
        "path": "dist/internal.js",
        "size": 245,
        "mode": 420
      },
      {
        "path": "dist/receipt.d.ts",
        "size": 6522,
        "mode": 420
      },
      {
        "path": "dist/receipt.js",
        "size": 24948,
        "mode": 420
      },
      {
        "path": "dist/types-BQGrRiSd.d.ts",
        "size": 5013,
        "mode": 420
      },
      {
        "path": "package.json",
        "size": 2154,
        "mode": 420
      }
    ],
    "entryCount": 23,
    "bundled": []
  }
]
