
> @zodiacs/engine@0.1.1-rc.5 prepack
> npm run build


> @zodiacs/engine@0.1.1-rc.5 build
> tsup src/index.ts src/geo.ts src/receipt.ts src/internal.ts src/internal-math.ts --format esm --dts --clean --splitting --tsconfig tsconfig.build.json

CLI Building entry: src/geo.ts, src/index.ts, src/internal-math.ts, src/internal.ts, src/receipt.ts
CLI Using tsconfig: tsconfig.build.json
CLI tsup v8.5.1
CLI Target: es2022
CLI Cleaning output folder
ESM Build start
ESM dist/index.js          12.85 KB
ESM dist/chunk-K5MRTCWE.js 2.53 KB
ESM dist/chunk-4YKOFVM6.js 4.54 KB
ESM dist/geo.js            11.34 KB
ESM dist/chunk-PD4H342X.js 4.11 KB
ESM dist/chunk-INI453VG.js 4.58 KB
ESM dist/internal.js       245.00 B
ESM dist/receipt.js        24.36 KB
ESM dist/chunk-CPALRSPC.js 1.42 KB
ESM dist/internal-math.js  591.00 B
ESM ⚡️ Build success in 81ms
DTS Build start
DTS ⚡️ Build success in 1268ms
DTS dist/internal.d.ts               502.00 B
DTS dist/receipt.d.ts                6.37 KB
DTS dist/geo.d.ts                    2.12 KB
DTS dist/index.d.ts                  3.92 KB
DTS dist/internal-math.d.ts          595.00 B
DTS dist/types-CHoIZzek.d.ts         4.90 KB
DTS dist/internal-math-2qAGGDMX.d.ts 5.50 KB
npm error code EPERM
npm error syscall open
npm error path /Users/chiburashka/.openclaw/workspace/.npm-cache/_cacache/tmp/***
npm error errno -1
npm error
npm error Your cache folder contains root-owned files, due to a bug in previous versions of npm which has since been addressed.
npm error
npm error To permanently fix this problem, please run:
npm error   sudo chown -R 501:20 "/Users/chiburashka/.openclaw/workspace/.npm-cache"
{
  "error": {
    "code": "EPERM",
    "summary": "Your cache folder contains root-owned files, due to a bug in previous versions of npm which has since been addressed.\n\nTo permanently fix this problem, please run:\n  sudo chown -R 501:20 \"/Users/chiburashka/.openclaw/workspace/.npm-cache\"",
    "detail": ""
  }
}
npm error Log files were not written due to an error writing to the directory: /Users/chiburashka/.openclaw/workspace/.npm-cache/_logs
npm error You can rerun the command with `--loglevel=verbose` to see the logs in your terminal
