[
  {
    "id": "@zodiacs/engine@0.1.1-rc.5",
    "name": "@zodiacs/engine",
    "version": "0.1.1-rc.5",
    "size": 36065,
    "unpackedSize": 121212,
    "shasum": "6f2e7575048ba4b5016e2b10d54254c9ef0cfdc3",
    "integrity": "sha512-XUmtZ+mOwMJxElr6hbhQ59cPatvsPa8/XrLfihZfdsQnMZgptlTZSV6YBRVr+Nqps0No64HUpYLXNhUoeCVzNA==",
    "filename": "zodiacs-engine-0.1.1-rc.5.tgz",
    "files": [
      {
        "path": "CHANGELOG.md",
        "size": 5628,
        "mode": 420
      },
      {
        "path": "LICENSE",
        "size": 1068,
        "mode": 420
      },
      {
        "path": "LICENSING.md",
        "size": 2591,
        "mode": 420
      },
      {
        "path": "NOTICE",
        "size": 1378,
        "mode": 420
      },
      {
        "path": "README.md",
        "size": 15784,
        "mode": 420
      },
      {
        "path": "dist/chunk-4YKOFVM6.js",
        "size": 4644,
        "mode": 420
      },
      {
        "path": "dist/chunk-CPALRSPC.js",
        "size": 1459,
        "mode": 420
      },
      {
        "path": "dist/chunk-INI453VG.js",
        "size": 4693,
        "mode": 420
      },
      {
        "path": "dist/chunk-K5MRTCWE.js",
        "size": 2593,
        "mode": 420
      },
      {
        "path": "dist/chunk-PD4H342X.js",
        "size": 4213,
        "mode": 420
      },
      {
        "path": "dist/geo.d.ts",
        "size": 2172,
        "mode": 420
      },
      {
        "path": "dist/geo.js",
        "size": 11616,
        "mode": 420
      },
      {
        "path": "dist/index.d.ts",
        "size": 4010,
        "mode": 420
      },
      {
        "path": "dist/index.js",
        "size": 13163,
        "mode": 420
      },
      {
        "path": "dist/internal-math-2qAGGDMX.d.ts",
        "size": 5630,
        "mode": 420
      },
      {
        "path": "dist/internal-math.d.ts",
        "size": 595,
        "mode": 420
      },
      {
        "path": "dist/internal-math.js",
        "size": 591,
        "mode": 420
      },
      {
        "path": "dist/internal.d.ts",
        "size": 502,
        "mode": 420
      },
      {
        "path": "dist/internal.js",
        "size": 245,
        "mode": 420
      },
      {
        "path": "dist/receipt.d.ts",
        "size": 6522,
        "mode": 420
      },
      {
        "path": "dist/receipt.js",
        "size": 24948,
        "mode": 420
      },
      {
        "path": "dist/types-CHoIZzek.d.ts",
        "size": 5013,
        "mode": 420
      },
      {
        "path": "package.json",
        "size": 2154,
        "mode": 420
      }
    ],
    "entryCount": 23,
    "bundled": []
  }
]
