
> @zodiacs/engine@0.1.1-rc.5 prepack
> npm run build


> @zodiacs/engine@0.1.1-rc.5 build
> tsup src/index.ts src/geo.ts src/receipt.ts src/internal.ts src/internal-math.ts --format esm --dts --clean --splitting --tsconfig tsconfig.build.json

CLI Building entry: src/geo.ts, src/index.ts, src/internal-math.ts, src/internal.ts, src/receipt.ts
CLI Using tsconfig: tsconfig.build.json
CLI tsup v8.5.1
CLI Target: es2022
CLI Cleaning output folder
ESM Build start
ESM dist/internal.js       245.00 B
ESM dist/index.js          12.85 KB
ESM dist/chunk-4YKOFVM6.js 4.54 KB
ESM dist/internal-math.js  591.00 B
ESM dist/receipt.js        24.36 KB
ESM dist/chunk-PD4H342X.js 4.11 KB
ESM dist/chunk-CPALRSPC.js 1.42 KB
ESM dist/geo.js            11.34 KB
ESM dist/chunk-K5MRTCWE.js 2.53 KB
ESM dist/chunk-INI453VG.js 4.58 KB
ESM ⚡️ Build success in 61ms
DTS Build start
DTS ⚡️ Build success in 1168ms
DTS dist/internal.d.ts               502.00 B
DTS dist/receipt.d.ts                6.37 KB
DTS dist/geo.d.ts                    2.12 KB
DTS dist/index.d.ts                  3.92 KB
DTS dist/internal-math.d.ts          595.00 B
DTS dist/types-CHoIZzek.d.ts         4.90 KB
DTS dist/internal-math-2qAGGDMX.d.ts 5.50 KB
[
  {
    "id": "@zodiacs/engine@0.1.1-rc.5",
    "name": "@zodiacs/engine",
    "version": "0.1.1-rc.5",
    "size": 36065,
    "unpackedSize": 121212,
    "shasum": "6f2e7575048ba4b5016e2b10d54254c9ef0cfdc3",
    "integrity": "sha512-XUmtZ+mOwMJxElr6hbhQ59cPatvsPa8/XrLfihZfdsQnMZgptlTZSV6YBRVr+Nqps0No64HUpYLXNhUoeCVzNA==",
    "filename": "zodiacs-engine-0.1.1-rc.5.tgz",
    "files": [
      {
        "path": "CHANGELOG.md",
        "size": 5628,
        "mode": 420
      },
      {
        "path": "LICENSE",
        "size": 1068,
        "mode": 420
      },
      {
        "path": "LICENSING.md",
        "size": 2591,
        "mode": 420
      },
      {
        "path": "NOTICE",
        "size": 1378,
        "mode": 420
      },
      {
        "path": "README.md",
        "size": 15784,
        "mode": 420
      },
      {
        "path": "dist/chunk-4YKOFVM6.js",
        "size": 4644,
        "mode": 420
      },
      {
        "path": "dist/chunk-CPALRSPC.js",
        "size": 1459,
        "mode": 420
      },
      {
        "path": "dist/chunk-INI453VG.js",
        "size": 4693,
        "mode": 420
      },
      {
        "path": "dist/chunk-K5MRTCWE.js",
        "size": 2593,
        "mode": 420
      },
      {
        "path": "dist/chunk-PD4H342X.js",
        "size": 4213,
        "mode": 420
      },
      {
        "path": "dist/geo.d.ts",
        "size": 2172,
        "mode": 420
      },
      {
        "path": "dist/geo.js",
        "size": 11616,
        "mode": 420
      },
      {
        "path": "dist/index.d.ts",
        "size": 4010,
        "mode": 420
      },
      {
        "path": "dist/index.js",
        "size": 13163,
        "mode": 420
      },
      {
        "path": "dist/internal-math-2qAGGDMX.d.ts",
        "size": 5630,
        "mode": 420
      },
      {
        "path": "dist/internal-math.d.ts",
        "size": 595,
        "mode": 420
      },
      {
        "path": "dist/internal-math.js",
        "size": 591,
        "mode": 420
      },
      {
        "path": "dist/internal.d.ts",
        "size": 502,
        "mode": 420
      },
      {
        "path": "dist/internal.js",
        "size": 245,
        "mode": 420
      },
      {
        "path": "dist/receipt.d.ts",
        "size": 6522,
        "mode": 420
      },
      {
        "path": "dist/receipt.js",
        "size": 24948,
        "mode": 420
      },
      {
        "path": "dist/types-CHoIZzek.d.ts",
        "size": 5013,
        "mode": 420
      },
      {
        "path": "package.json",
        "size": 2154,
        "mode": 420
      }
    ],
    "entryCount": 23,
    "bundled": []
  }
]
