[
  {
    "file": "api.ts",
    "sha256": "33566edb5a1fd1c6092f769c01e91b67904d3018afccfbe8bdc69857ce19871a"
  },
  {
    "file": "aspects.ts",
    "sha256": "f0c69b344ea2c1808c9e18da13ffd89daf05898a3fce4d004778b8cb8bc5a154"
  },
  {
    "file": "birth-input.ts",
    "sha256": "144fd683942ec434088c6a214dbe1f0b87cba13f545c38deaca8e5fcaf12581e"
  },
  {
    "file": "date-input.ts",
    "sha256": "f9db8865bf143d6334eb93d9618f50aa6a81ba32273b0a103d2a83e3c8014675"
  },
  {
    "file": "ephemeris.ts",
    "sha256": "3481029c0836bcf641bb4e2f9bea8e57d01358babce07bda6de8fdc9a9fe4418"
  },
  {
    "file": "geo/geonames.ts",
    "sha256": "fd4363799fb26f3682b8c54054afc07761d7c301cdb798e6afc40965df150437"
  },
  {
    "file": "geo/timezone.ts",
    "sha256": "5f83d4aebe7a5eb32939a63a249492fe512864fe55209e86f4d129ef535145c9"
  },
  {
    "file": "geo.ts",
    "sha256": "bb8e3e0497b2180b6c20954807d56206fe90d208760d730125493eef22464687"
  },
  {
    "file": "houses.ts",
    "sha256": "c2f0ba0649778efd160986c592648951beb4069afc9049f7fde3f7587e45b8f6"
  },
  {
    "file": "index.ts",
    "sha256": "8a8b8237391d42b42c1f4354456ba3ee5b9b603c771eda56949d47f831f4f37c"
  },
  {
    "file": "internal-math.ts",
    "sha256": "581c4109db30cf6c2a6cce9c6e155d7eade3367a007e49e8c7628e89f64347a1"
  },
  {
    "file": "internal.ts",
    "sha256": "e5102198da1a5218e5695fce997fddac45e70732511b5d904f815f8db7d3722e"
  },
  {
    "file": "receipt-json.ts",
    "sha256": "da5627224b593769eea8f1d434815ad34f422f44e1ef38a6687f86d8ccf8dd5c"
  },
  {
    "file": "receipt.ts",
    "sha256": "6a2513769934da7b72ab2e07c66df2d48e49fe2d8a8b54b737c2424d301778d8"
  },
  {
    "file": "returns.ts",
    "sha256": "cccc2e526ea00f8a5466a8d5784d8cc2b9b191f639794435a4e273e2288a087c"
  },
  {
    "file": "signs.ts",
    "sha256": "25b7cc9006624254995bd21f5dbaef92f4e61ef476b570589122a034896072dd"
  },
  {
    "file": "synastry.ts",
    "sha256": "482ad89ae8df0bc5f3e8813d39400e8d3f7ceff4cad8d79fa0b5cdf3627ac1f7"
  },
  {
    "file": "types.ts",
    "sha256": "9464ee12edffc3773cd89fa6a2f1117291051ec8796be056cff8a32fca05e044"
  }
]
