{
  "at": "2026-09-12T15:16:04.975307+00:00",
  "anonymousArtifactRead": {
    "url": "https://raw.githubusercontent.com/ZodiacsOfficial/sdk/51129a197cd3f2a2a8c966fb797ea4da1e147b3d/artifacts/zodiacs-engine-0.1.1-rc.6.tgz",
    "status": 200,
    "bytes": 36591,
    "sha256": "09c3e63432f8ba2e9df05af137c42f65ab039740a207a89418d9e6470ea3db3e",
    "matchesCommittedArchive": true
  },
  "retainedArtifacts": [
    {
      "file": "artifacts/zodiacs-engine-0.1.1-rc.2.tgz",
      "sha256": "b5c0c63bddc8c1ccfc717551bdd57b1bfe7c439568851780575c8586456e0826",
      "bytes": 21946,
      "manifestVerified": false
    },
    {
      "file": "artifacts/zodiacs-engine-0.1.1-rc.3.tgz",
      "sha256": "aeab68793129517abe7498c5f5a17197d387eed7cbdaa9614f3b8cd939b11a17",
      "bytes": 32079,
      "manifestVerified": true
    },
    {
      "file": "artifacts/zodiacs-engine-0.1.1-rc.4.tgz",
      "sha256": "0146fdff7abb6b937cf4d66b4cdaf0c80ecf238ea71f1f4f9fb27eae687a0d20",
      "bytes": 33669,
      "manifestVerified": true
    },
    {
      "file": "artifacts/zodiacs-engine-0.1.1-rc.5.tgz",
      "sha256": "1809c1686843a6be148eb185535e32059a20c35896e29ccfc7583a6b2738da65",
      "bytes": 36065,
      "manifestVerified": true
    },
    {
      "file": "artifacts/zodiacs-engine-0.1.1-rc.6.tgz",
      "sha256": "09c3e63432f8ba2e9df05af137c42f65ab039740a207a89418d9e6470ea3db3e",
      "bytes": 36591,
      "manifestVerified": true
    }
  ],
  "site": {
    "source": "60f9c779b69935e93dd14b7f8aac90dbbd4a6d35",
    "declaration": "file:vendor/zodiacs-engine-0.1.1-rc.6.tgz",
    "installedLock": {
      "version": "0.1.1-rc.6",
      "resolved": "file:vendor/zodiacs-engine-0.1.1-rc.6.tgz",
      "integrity": "sha512-W3zxJPAjG699AP/9xLXf5iKxSg9o+DMSUQzyLf5yrCjlubr/mWGIO4SOOHfx1VKFC9k+s5bqt34kMi4E2j5n5g==",
      "license": "MIT",
      "dependencies": {
        "astronomy-engine": "^2.1.19"
      },
      "engines": {
        "node": ">=18"
      }
    },
    "vendoredBytesEqual": true
  },
  "npmPublished": false,
  "priorCandidateRollbackSource": "224863ebea0ab62d0eff721a53f5ab2a1bfc756f",
  "priorCandidateArtifact": "artifacts/zodiacs-engine-0.1.1-rc.5.tgz",
  "ownershipRollbackBase": "b49e0f14f9f17bc84db39486f2c4bb075e0ae3ff",
  "policy": "Rollback site engine pin, matching resolver and receipt-context adapters together; retain previous candidate archives/receipts. No source or production rollback executed.",
  "harnessCorrection": {
    "firstAttempt": "AssertionError: expected remote URL as site lock resolution",
    "cause": "Harness assumption; accepted site correctly vendors immutable local file with same SHA512",
    "resolution": "Assert declared file pin, locked file resolution, integrity and actual vendored bytes"
  }
}
