
> zodiacs-sdk-workspace@ package:contents /private/tmp/zodiacs-r3-sdk
> corepack pnpm --filter @zodiacs/engine package:contents && corepack pnpm --filter @zodiacs/widgets package:contents && corepack pnpm --filter @zodiacs/sdk package:contents


> @zodiacs/engine@0.1.1-rc.6 package:contents /private/tmp/zodiacs-r3-sdk/packages/engine
> node scripts/verify-package-contents.mjs

npm warn Unknown env config "recursive". This will stop working in the next major version of npm. See `npm help npmrc` for supported config options.
npm error code EPERM
npm error syscall open
npm error path /Users/chiburashka/.openclaw/workspace/.npm-cache/_cacache/tmp/***
npm error errno -1
npm error
npm error Your cache folder contains root-owned files, due to a bug in previous versions of npm which has since been addressed.
npm error
npm error To permanently fix this problem, please run:
npm error   sudo chown -R 501:20 "/Users/chiburashka/.openclaw/workspace/.npm-cache"
npm error Log files were not written due to an error writing to the directory: /Users/chiburashka/.openclaw/workspace/.npm-cache/_logs
npm error You can rerun the command with `--loglevel=verbose` to see the logs in your terminal
node:internal/errors:983
  const err = new Error(message);
              ^

Error: Command failed: npm pack --dry-run --json --ignore-scripts
npm warn Unknown env config "recursive". This will stop working in the next major version of npm. See `npm help npmrc` for supported config options.
npm error code EPERM
npm error syscall open
npm error path /Users/chiburashka/.openclaw/workspace/.npm-cache/_cacache/tmp/***
npm error errno -1
npm error
npm error Your cache folder contains root-owned files, due to a bug in previous versions of npm which has since been addressed.
npm error
npm error To permanently fix this problem, please run:
npm error   sudo chown -R 501:20 "/Users/chiburashka/.openclaw/workspace/.npm-cache"
npm error Log files were not written due to an error writing to the directory: /Users/chiburashka/.openclaw/workspace/.npm-cache/_logs
npm error You can rerun the command with `--loglevel=verbose` to see the logs in your terminal

    at genericNodeError (node:internal/errors:983:15)
    at wrappedFn (node:internal/errors:537:14)
    at checkExecSyncError (node:child_process:916:11)
    at execFileSync (node:child_process:952:15)
    at file:///private/tmp/zodiacs-r3-sdk/packages/engine/scripts/verify-package-contents.mjs:4:16
    at ModuleJob.run (node:internal/modules/esm/module_job:343:25)
    at async onImport.tracePromise.__proto__ (node:internal/modules/esm/loader:681:26)
    at async asyncRunEntryPointWithESMLoader (node:internal/modules/run_main:117:5) {
  status: 255,
  signal: null,
  output: [
    null,
    '{\n' +
      '  "error": {\n' +
      '    "code": "EPERM",\n' +
      '    "summary": "Your cache folder contains root-owned files, due to a bug in previous versions of npm which has since been addressed.\\n\\nTo permanently fix this problem, please run:\\n  sudo chown -R 501:20 \\"/Users/chiburashka/.openclaw/workspace/.npm-cache\\"",\n' +
      '    "detail": ""\n' +
      '  }\n' +
      '}\n',
    'npm warn Unknown env config "recursive". This will stop working in the next major version of npm. See `npm help npmrc` for supported config options.\n' +
      'npm error code EPERM\n' +
      'npm error syscall open\n' +
      'npm error path /Users/chiburashka/.openclaw/workspace/.npm-cache/_cacache/tmp/***\n' +
      'npm error errno -1\n' +
      'npm error\n' +
      'npm error Your cache folder contains root-owned files, due to a bug in previous versions of npm which has since been addressed.\n' +
      'npm error\n' +
      'npm error To permanently fix this problem, please run:\n' +
      'npm error   sudo chown -R 501:20 "/Users/chiburashka/.openclaw/workspace/.npm-cache"\n' +
      'npm error Log files were not written due to an error writing to the directory: /Users/chiburashka/.openclaw/workspace/.npm-cache/_logs\n' +
      'npm error You can rerun the command with `--loglevel=verbose` to see the logs in your terminal\n'
  ],
  pid: 37500,
  stdout: '{\n' +
    '  "error": {\n' +
    '    "code": "EPERM",\n' +
    '    "summary": "Your cache folder contains root-owned files, due to a bug in previous versions of npm which has since been addressed.\\n\\nTo permanently fix this problem, please run:\\n  sudo chown -R 501:20 \\"/Users/chiburashka/.openclaw/workspace/.npm-cache\\"",\n' +
    '    "detail": ""\n' +
    '  }\n' +
    '}\n',
  stderr: 'npm warn Unknown env config "recursive". This will stop working in the next major version of npm. See `npm help npmrc` for supported config options.\n' +
    'npm error code EPERM\n' +
    'npm error syscall open\n' +
    'npm error path /Users/chiburashka/.openclaw/workspace/.npm-cache/_cacache/tmp/***\n' +
    'npm error errno -1\n' +
    'npm error\n' +
    'npm error Your cache folder contains root-owned files, due to a bug in previous versions of npm which has since been addressed.\n' +
    'npm error\n' +
    'npm error To permanently fix this problem, please run:\n' +
    'npm error   sudo chown -R 501:20 "/Users/chiburashka/.openclaw/workspace/.npm-cache"\n' +
    'npm error Log files were not written due to an error writing to the directory: /Users/chiburashka/.openclaw/workspace/.npm-cache/_logs\n' +
    'npm error You can rerun the command with `--loglevel=verbose` to see the logs in your terminal\n'
}

Node.js v22.23.2
/private/tmp/zodiacs-r3-sdk/packages/engine:
 ERR_PNPM_RECURSIVE_RUN_FIRST_FAIL  @zodiacs/engine@0.1.1-rc.6 package:contents: `node scripts/verify-package-contents.mjs`
Exit status 1
 ELIFECYCLE  Command failed with exit code 1.
