
> @zodiacs/engine@0.1.1-rc.6 build /private/tmp/zodiacs-r3-sdk/packages/engine
> tsup src/index.ts src/geo.ts src/receipt.ts src/internal.ts src/internal-math.ts --format esm --dts --clean --splitting --tsconfig tsconfig.build.json

CLI Building entry: src/geo.ts, src/index.ts, src/internal-math.ts, src/internal.ts, src/receipt.ts
CLI Using tsconfig: tsconfig.build.json
CLI tsup v8.5.1
CLI Target: es2022
CLI Cleaning output folder
ESM Build start
DTS Build start
ESM dist/chunk-K5MRTCWE.js 2.53 KB
ESM dist/internal.js       245.00 B
ESM dist/internal-math.js  591.00 B
ESM dist/geo.js            11.51 KB
ESM dist/receipt.js        24.36 KB
ESM dist/chunk-H7RJKCBO.js 4.11 KB
ESM dist/chunk-CPALRSPC.js 1.42 KB
ESM dist/index.js          12.85 KB
ESM dist/chunk-INI453VG.js 4.58 KB
ESM dist/chunk-GBH7JIYF.js 4.54 KB
ESM ⚡️ Build success in 304ms
DTS ⚡️ Build success in 929ms
DTS dist/internal.d.ts               502.00 B
DTS dist/receipt.d.ts                6.37 KB
DTS dist/geo.d.ts                    2.12 KB
DTS dist/index.d.ts                  3.92 KB
DTS dist/internal-math.d.ts          595.00 B
DTS dist/types-BQGrRiSd.d.ts         4.90 KB
DTS dist/internal-math-BQEuq8XE.d.ts 5.50 KB
