{
  "selectedHead": "ac27761e6dea138842e6ef5c2c69129ead7af636",
  "runtime": "Node22.23.2",
  "steps": [
    {
      "name": "engine-build",
      "command": [
        "corepack",
        "pnpm",
        "--filter",
        "@zodiacs/engine",
        "build"
      ],
      "startedAt": "2026-09-12T15:15:27.796410+00:00",
      "elapsedSeconds": 2.688,
      "exitCode": 0,
      "log": "engine-build.log"
    },
    {
      "name": "widgets-build",
      "command": [
        "corepack",
        "pnpm",
        "--filter",
        "@zodiacs/widgets",
        "build"
      ],
      "startedAt": "2026-09-12T15:15:30.484970+00:00",
      "elapsedSeconds": 0.874,
      "exitCode": 0,
      "log": "widgets-build.log"
    },
    {
      "name": "ownership-build",
      "command": [
        "corepack",
        "pnpm",
        "--filter",
        "@zodiacs/sdk",
        "build"
      ],
      "startedAt": "2026-09-12T15:15:31.359697+00:00",
      "elapsedSeconds": 2.635,
      "exitCode": 0,
      "log": "ownership-build.log"
    },
    {
      "name": "exports",
      "command": [
        "corepack",
        "pnpm",
        "exports:smoke"
      ],
      "startedAt": "2026-09-12T15:15:33.995586+00:00",
      "elapsedSeconds": 1.562,
      "exitCode": 0,
      "log": "exports.log"
    },
    {
      "name": "contents",
      "command": [
        "corepack",
        "pnpm",
        "package:contents"
      ],
      "startedAt": "2026-09-12T15:15:35.557492+00:00",
      "elapsedSeconds": 0.817,
      "exitCode": 1,
      "log": "contents.log"
    },
    {
      "name": "contents-owned-cache",
      "command": [
        "corepack",
        "pnpm",
        "package:contents"
      ],
      "startedAt": "2026-09-12T15:16:40.010683+00:00",
      "elapsedSeconds": 2.003,
      "exitCode": 0,
      "log": "contents-owned-cache.log"
    },
    {
      "name": "checksum",
      "command": [
        "corepack",
        "pnpm",
        "registry:checksum"
      ],
      "startedAt": "2026-09-12T15:16:42.014463+00:00",
      "elapsedSeconds": 0.424,
      "exitCode": 0,
      "log": "checksum.log"
    },
    {
      "name": "neutrality",
      "command": [
        "corepack",
        "pnpm",
        "neutrality:guard"
      ],
      "startedAt": "2026-09-12T15:16:42.438651+00:00",
      "elapsedSeconds": 0.403,
      "exitCode": 0,
      "log": "neutrality.log"
    },
    {
      "name": "engine-pack",
      "command": [
        "npm",
        "pack",
        "--ignore-scripts",
        "--json",
        "--pack-destination",
        "/private/tmp/zodiacs-r3-sdk-evidence"
      ],
      "startedAt": "2026-09-12T15:16:42.842324+00:00",
      "elapsedSeconds": 0.285,
      "exitCode": 0,
      "log": "engine-pack.log"
    },
    {
      "name": "clean-consumer",
      "command": [
        "node",
        "packages/engine/scripts/verify-packed-consumer.mjs",
        "/private/tmp/zodiacs-r3-sdk/artifacts/zodiacs-engine-0.1.1-rc.6.tgz"
      ],
      "startedAt": "2026-09-12T15:16:43.128040+00:00",
      "elapsedSeconds": 23.551,
      "exitCode": 0,
      "log": "clean-consumer.log"
    }
  ]
}
