[
  ".prettierignore",
  "README.md",
  "artifacts/README.md",
  "artifacts/zodiacs-engine-0.1.1-rc.2.tgz",
  "artifacts/zodiacs-engine-0.1.1-rc.3.json",
  "artifacts/zodiacs-engine-0.1.1-rc.3.tgz",
  "artifacts/zodiacs-engine-0.1.1-rc.4.json",
  "artifacts/zodiacs-engine-0.1.1-rc.4.tgz",
  "artifacts/zodiacs-engine-0.1.1-rc.5.json",
  "artifacts/zodiacs-engine-0.1.1-rc.5.tgz",
  "artifacts/zodiacs-engine-0.1.1-rc.6.json",
  "artifacts/zodiacs-engine-0.1.1-rc.6.tgz",
  "package.json",
  "packages/engine/CHANGELOG.md",
  "packages/engine/LICENSE",
  "packages/engine/LICENSING.md",
  "packages/engine/NOTICE",
  "packages/engine/README.md",
  "packages/engine/docs/typedoc.css",
  "packages/engine/package.json",
  "packages/engine/scripts/module-resolution-smoke.mjs",
  "packages/engine/scripts/typedoc-canonical.mjs",
  "packages/engine/scripts/verify-package-contents.mjs",
  "packages/engine/scripts/verify-packed-consumer.mjs",
  "packages/engine/src/api.ts",
  "packages/engine/src/aspects.ts",
  "packages/engine/src/birth-input.ts",
  "packages/engine/src/date-input.ts",
  "packages/engine/src/engine.test.ts",
  "packages/engine/src/ephemeris.ts",
  "packages/engine/src/geo.test.ts",
  "packages/engine/src/geo.ts",
  "packages/engine/src/geo/geonames-schema.test.ts",
  "packages/engine/src/geo/geonames.test.ts",
  "packages/engine/src/geo/geonames.ts",
  "packages/engine/src/geo/timezone-precision.test.ts",
  "packages/engine/src/geo/timezone.ts",
  "packages/engine/src/houses-regression.test.ts",
  "packages/engine/src/houses.ts",
  "packages/engine/src/index.ts",
  "packages/engine/src/input-flags.test.ts",
  "packages/engine/src/internal-math.ts",
  "packages/engine/src/internal.ts",
  "packages/engine/src/public-input.test.ts",
  "packages/engine/src/receipt-json.test.ts",
  "packages/engine/src/receipt-json.ts",
  "packages/engine/src/receipt.test.ts",
  "packages/engine/src/receipt.ts",
  "packages/engine/src/returns-bounds.test.ts",
  "packages/engine/src/returns-crossings.test.ts",
  "packages/engine/src/returns.ts",
  "packages/engine/src/signs.ts",
  "packages/engine/src/synastry.ts",
  "packages/engine/src/types.ts",
  "packages/engine/tsconfig.build.json",
  "packages/engine/tsconfig.json",
  "packages/engine/tsconfig.typecheck.json",
  "packages/engine/typedoc.json",
  "packages/sdk/README.md",
  "packages/sdk/src/core/docs-posture.test.ts",
  "packages/widgets/LICENSE",
  "packages/widgets/README.md",
  "packages/widgets/package.json",
  "packages/widgets/scripts/module-resolution-smoke.mjs",
  "packages/widgets/scripts/verify-package-contents.mjs",
  "packages/widgets/src/index.test.ts",
  "packages/widgets/src/index.ts",
  "packages/widgets/tsconfig.build.json",
  "packages/widgets/tsconfig.json",
  "packages/widgets/tsconfig.typecheck.json",
  "pnpm-lock.yaml",
  "pnpm-workspace.yaml",
  "tsconfig.base.json",
  "tsconfig.json",
  "vitest.config.ts"
]
