{
  "at": "2026-09-12T15:11:15.482507+00:00",
  "main": "b49e0f14f9f17bc84db39486f2c4bb075e0ae3ff",
  "selectedHead": "ac27761e6dea138842e6ef5c2c69129ead7af636",
  "source": "fb57af7a2cd7c30983cc8fb655183d5a11f9cf30",
  "mainAncestor": true,
  "selectedDeltaFromRuntime": [
    "artifacts/zodiacs-engine-0.1.1-rc.6.json",
    "artifacts/zodiacs-engine-0.1.1-rc.6.tgz",
    "docs/platform/EVIDENCE.md",
    "docs/platform/STATUS.md",
    "docs/platform/evidence/time-seconds/public/draft-pr.json.log",
    "docs/platform/evidence/time-seconds/public/verification.json.log"
  ],
  "allPaths": 532,
  "nonDocs": 75,
  "ownershipDelta": [
    "packages/sdk/README.md",
    "packages/sdk/src/core/docs-posture.test.ts"
  ],
  "ownershipRuntimeAndRegistryUnchanged": true,
  "appsExamplesWorkflowsUnchanged": true,
  "frozen6Match": true,
  "artifact": {
    "package": "@zodiacs/engine",
    "version": "0.1.1-rc.6",
    "file": "zodiacs-engine-0.1.1-rc.6.tgz",
    "sourceRepository": "https://github.com/ZodiacsOfficial/sdk",
    "sourceCommit": "fb57af7a2cd7c30983cc8fb655183d5a11f9cf30",
    "sha256": "09c3e63432f8ba2e9df05af137c42f65ab039740a207a89418d9e6470ea3db3e",
    "integrity": "sha512-W3zxJPAjG699AP/9xLXf5iKxSg9o+DMSUQzyLf5yrCjlubr/mWGIO4SOOHfx1VKFC9k+s5bqt34kMi4E2j5n5g==",
    "packedBytes": 36591,
    "unpackedBytes": 122552,
    "files": 23,
    "state": "packed-and-tested-review-candidate",
    "npmPublished": false,
    "releaseHold": "SDK PR #5 do not merge / do not publish; required review and publication authority remain."
  },
  "archiveMembers": [
    {
      "path": "package/LICENSE",
      "bytes": 1068,
      "sha256": "9a8ab25f278db9d59a00ee82d1a82d63ee4891a9c417c53b4e2b9942aaab10df"
    },
    {
      "path": "package/NOTICE",
      "bytes": 1378,
      "sha256": "06a8e2e2bae6d6113e738f8c4ee3869f698fbf39756a26ce842d549dde423450"
    },
    {
      "path": "package/dist/chunk-CPALRSPC.js",
      "bytes": 1459,
      "sha256": "9db1a3814ec9bd00a40d4bc295e348debd6108f62a322ed91d18610c81b9fb08"
    },
    {
      "path": "package/dist/chunk-GBH7JIYF.js",
      "bytes": 4644,
      "sha256": "8578139013ab4f4c0d2811682e92d6b6818492e1a392ddee43aeea033a8ebfc3"
    },
    {
      "path": "package/dist/chunk-H7RJKCBO.js",
      "bytes": 4213,
      "sha256": "eda5c8c0462d21f269ffb8a6abfc8e6c5a2ebbc6d8fcb55d796d0a63e7b721c4"
    },
    {
      "path": "package/dist/chunk-INI453VG.js",
      "bytes": 4693,
      "sha256": "e6f7c42bfdaee08361b37975c7a27a7a5400de35e9b44b71325d9f64ff5aa68d"
    },
    {
      "path": "package/dist/chunk-K5MRTCWE.js",
      "bytes": 2593,
      "sha256": "2048e88750394d48837acb55735f872be9128b2f2d3d37af7134026a9f0e976d"
    },
    {
      "path": "package/dist/geo.js",
      "bytes": 11785,
      "sha256": "c75c02b34f50687ad29537b27336775ad175d417fd9761394713d6f195266494"
    },
    {
      "path": "package/dist/index.js",
      "bytes": 13163,
      "sha256": "585f25423b08830025e9f4bbdbbe3dffb3bbd4d79f2891952c110f2ebfcf0bbc"
    },
    {
      "path": "package/dist/internal-math.js",
      "bytes": 591,
      "sha256": "187cbd31a74bd069dc413e6fb1ef33cc72a108e9a405a3b5095b64346def2422"
    },
    {
      "path": "package/dist/internal.js",
      "bytes": 245,
      "sha256": "52403d7a8514ceea3d5ac1ad7f404f79ff1163d907bbc783600edf1574ff2e42"
    },
    {
      "path": "package/dist/receipt.js",
      "bytes": 24948,
      "sha256": "b42ea8dbedea62a02c3793acd7d22024b302681fea203657b02437cd25a17fea"
    },
    {
      "path": "package/package.json",
      "bytes": 2154,
      "sha256": "b9318c0a5afca031f3a823c6f5001337949ab15b9fbc63f7caa0ea10df02fddc"
    },
    {
      "path": "package/CHANGELOG.md",
      "bytes": 6727,
      "sha256": "a5e81b23b9b9664c72b76408bbe096117b5e00e0bd67f6fc297e203821439f0c"
    },
    {
      "path": "package/LICENSING.md",
      "bytes": 2591,
      "sha256": "8a2010524ad7ebf388dabe0bda5ed2ed8753b8bb112f284f0c23826546410096"
    },
    {
      "path": "package/README.md",
      "bytes": 15856,
      "sha256": "e2f4242bd330ccc4ac63df238c9e3561d4b3ea4a6eb8b8f9fd2de8cffae7d7b2"
    },
    {
      "path": "package/dist/geo.d.ts",
      "bytes": 2172,
      "sha256": "b566ba435565a045c7bcff13174048caf446416fcaa701b2a8ace4771e568f0a"
    },
    {
      "path": "package/dist/index.d.ts",
      "bytes": 4010,
      "sha256": "73b37152d676d85f6645add1e1c55187cfd3ba3013b4ab6c8a98ec302e63062f"
    },
    {
      "path": "package/dist/internal-math-BQEuq8XE.d.ts",
      "bytes": 5630,
      "sha256": "f7bbca5cd12f6965f8585b91a16eefb7c2d143e5930e1602affe005d7e60ba4d"
    },
    {
      "path": "package/dist/internal-math.d.ts",
      "bytes": 595,
      "sha256": "04fbf18e00ed142c6253e2532d9e98879e32f5ce98d1ea7bfdcd3ce148ce9026"
    },
    {
      "path": "package/dist/internal.d.ts",
      "bytes": 502,
      "sha256": "76cc376b0596db3f83649e3e8bcfd444bb72f5823754698fcc486dc858cf4dfb"
    },
    {
      "path": "package/dist/receipt.d.ts",
      "bytes": 6522,
      "sha256": "5c19d9416e04c6d26f6c8c5f159eb68bdd70944b35cbfa3c3c4cee4be17918af"
    },
    {
      "path": "package/dist/types-BQGrRiSd.d.ts",
      "bytes": 5013,
      "sha256": "46a61bb71affc454a8ac98f0e5c94ba968a8d1594dfbafbbc9f03f4c6e3e3bee"
    }
  ],
  "lockSha256": "39bac5c10d3799a089662b409280288c6ab38772ab490151c420ceeab4c8c95e"
}
