# rc.5 packed browser acceptance

Final result: **26/26 checks passed**, including 14 grouped browser API cases, against the exact fresh-consumer installation of `@zodiacs/engine@0.1.1-rc.5`.

- Final evidence: `run-1788825287747-62400/browser-result.json`
- Bundle graphs and every input file hash: `run-1788825287747-62400/bundle-graphs.json`
- All 23 installed archive members: `run-1788825287747-62400/archive-members.json`
- Actual browser capture (visually inspected): `run-1788825287747-62400/browser-probe.png`
- Browser trace: `run-1788825287747-62400/trace.zip`
- Literal executed harness copies and agent-browser preflight logs are in the final evidence directory.

Runtime: actual Google Chrome `152.0.7977.83`, Node `v22.23.2`, esbuild `0.28.1`, installed `astronomy-engine@2.1.19`. This bundles public entries from the fresh consumer, not SDK workspace source or dist. Every installed archive member is regular, nonsymlinked, and byte-equal to the supplied tarball. Archive SHA256 is `1809c1686843a6be148eb185535e32059a20c35896e29ccfc7583a6b2738da65`; size is 36,065 bytes, 121,212 unpacked bytes. The integrator supplied source commit `97f5e8d01828f4b85ffa845825dee9acff4695e4`; this harness does not authenticate that source-to-artifact claim.

The core, geo and receipt graphs remain separate public entries; optional entries exclude ephemeris and ownership graphs. Actual browser controls cover 13 invalid civil-setting cases before Intl, 14 malformed/private flag cases without coercion/slot getter use, 64/65 array-limit boundaries and ignored custom iterator, correct polar/no-time echoes, 40 contradictory raw/supplied metadata paths, canonical Chart identity, shallow legacy normalization without numerical array replacement, one-read scalar snapshots, early Gregorian years, modern gap/fold, historical LMT, actual local-resolution receipt replay, and three equivalent Saturn inputs. Unknown-time 08:30 remains a supplied reference, never inferred as noon. The finite civil controls passed using the observed Chrome timezone database.

Privacy observers are installed before any candidate module import and tested with deliberate storage/cookie/beacon/fetch/Intl negative controls, then reset. Actual acceptance requests are only GET `/`, `/root.js`, `/geo.js`, `/receipt.js`, with no query or request body. Module loading attempts no storage, fetch or Intl access. All 14 API groups execute after the browser context is set offline. They attempt no fetch, storage or other observed network capability, create no cookies, and produce no console/page/CSP errors. Six actual Intl constructions occur in valid civil controls. All owned browser contexts, the agent-browser session, Chrome process, and loopback server are closed.

Preserved harness failure: `run-1788825254705-62322/browser-result.json`. Archive and graph checks passed, but my initial agent-browser session/namespace made a 105-byte Unix socket path, exceeding macOS's 103-byte limit. No candidate browser module executed. The server closed. The only correction was shortening the harness's owned session/namespace string; the next run passed without any SDK or site source change. The failed attempt's close command was rejected by the same name-length validation before a session could start.

Reproduction (creates a new evidence directory; requires these existing local browser/dependency tools):

```sh
FLAGS_PACKED_CONSUMER_DIR=/var/folders/yj/t3y9tw9d1rj9mxk5z2_pkxpw0000gn/T/zodiacs-engine-consumer-jKe2mv \
FLAGS_PACKED_ARCHIVE=/private/tmp/zodiacs-platform-input-flags-package/zodiacs-engine-0.1.1-rc.5.tgz \
FLAGS_PACKED_SHA256=1809c1686843a6be148eb185535e32059a20c35896e29ccfc7583a6b2738da65 \
FLAGS_PACKED_VERSION=0.1.1-rc.5 \
FLAGS_SOURCE_COMMIT=97f5e8d01828f4b85ffa845825dee9acff4695e4 \
/private/tmp/zodiacs-platform-runtime/node_modules/node/bin/node \
  /private/tmp/zodiacs-platform-input-flags-browser/browser-probe.mjs
```

This evidence is local automated acceptance, not human review, publication, deployment, adoption, a universal numerical/timezone guarantee, or a same-realm JavaScript sandbox. Precomputed Chart consistency is checked at call time; this does not verify its supplied numerical results. Production browser code is not instrumented for internal Saturn call counts; source tests and the separate independent source review cover those costs. No active SDK or site source, immutable artifact, package version, git state, external service or owner configuration was changed by this harness.
