{
  "esbuild": "0.28.1",
  "geo": {
    "sha256": "0abf46b478de149b65b59e9718f201189c0741fc7a841bb1bf4b3751ce1c5408",
    "inputs": [
      {
        "file": "node_modules/@zodiacs/engine/dist/geo.js",
        "sha256": "78ac3f95dc3ac89878f7523248ca00f7fbcfcd8ea9ee9d4c9bf1d4d73207e4e3",
        "imports": []
      }
    ],
    "metafile": {
      "inputs": {
        "node_modules/@zodiacs/engine/dist/geo.js": {
          "bytes": 11597,
          "imports": [],
          "format": "esm"
        },
        "../../../../../../../var/folders/yj/t3y9tw9d1rj9mxk5z2_pkxpw0000gn/T/zodiacs-engine-consumer-vE97u9/geo-public-entry.mjs": {
          "bytes": 36,
          "imports": [
            {
              "path": "node_modules/@zodiacs/engine/dist/geo.js",
              "kind": "import-statement",
              "original": "@zodiacs/engine/geo"
            }
          ],
          "format": "esm"
        }
      },
      "outputs": {
        "stdin.js": {
          "imports": [],
          "exports": [
            "createGeoNamesClient",
            "offsetAt",
            "resolveBirth",
            "resolveLocalToUtc"
          ],
          "entryPoint": "../../../../../../../var/folders/yj/t3y9tw9d1rj9mxk5z2_pkxpw0000gn/T/zodiacs-engine-consumer-vE97u9/geo-public-entry.mjs",
          "inputs": {
            "node_modules/@zodiacs/engine/dist/geo.js": {
              "bytesInOutput": 11466
            },
            "../../../../../../../var/folders/yj/t3y9tw9d1rj9mxk5z2_pkxpw0000gn/T/zodiacs-engine-consumer-vE97u9/geo-public-entry.mjs": {
              "bytesInOutput": 0
            }
          },
          "bytes": 11594
        }
      }
    }
  },
  "root": {
    "sha256": "3228476c106b9ae08f6e783c476882b564132778c8ea95bc1b10e1f55082aa58",
    "inputs": [
      {
        "file": "node_modules/@zodiacs/engine/dist/chunk-INI453VG.js",
        "sha256": "e6f7c42bfdaee08361b37975c7a27a7a5400de35e9b44b71325d9f64ff5aa68d",
        "imports": []
      },
      {
        "file": "node_modules/@zodiacs/engine/dist/chunk-EDOI473S.js",
        "sha256": "01edf806d279e908a60af53b7529ec708e33719defd8108c2b8c5601f694cea6",
        "imports": [
          {
            "path": "node_modules/@zodiacs/engine/dist/chunk-INI453VG.js",
            "kind": "import-statement",
            "original": "./chunk-INI453VG.js"
          }
        ]
      },
      {
        "file": "node_modules/astronomy-engine/esm/astronomy.js",
        "sha256": "068f1445ed0c636c94818fe6d20d7d125120e605e0bab9fc4675c3d531be5ad7",
        "imports": []
      },
      {
        "file": "node_modules/@zodiacs/engine/dist/chunk-S2INWBEG.js",
        "sha256": "5807a1db69b2118854e9bd5ca10a836ecc420a90dd781ba8a2c657d920c12fd8",
        "imports": [
          {
            "path": "node_modules/@zodiacs/engine/dist/chunk-EDOI473S.js",
            "kind": "import-statement",
            "original": "./chunk-EDOI473S.js"
          },
          {
            "path": "node_modules/@zodiacs/engine/dist/chunk-INI453VG.js",
            "kind": "import-statement",
            "original": "./chunk-INI453VG.js"
          },
          {
            "path": "node_modules/astronomy-engine/esm/astronomy.js",
            "kind": "import-statement",
            "original": "astronomy-engine"
          }
        ]
      },
      {
        "file": "node_modules/@zodiacs/engine/dist/chunk-CPALRSPC.js",
        "sha256": "9db1a3814ec9bd00a40d4bc295e348debd6108f62a322ed91d18610c81b9fb08",
        "imports": []
      },
      {
        "file": "node_modules/@zodiacs/engine/dist/index.js",
        "sha256": "f2018a1d7db20909cdc4ad5e8be9cb716e919e72ea442f5a4c95c4c7085344c2",
        "imports": [
          {
            "path": "node_modules/@zodiacs/engine/dist/chunk-S2INWBEG.js",
            "kind": "import-statement",
            "original": "./chunk-S2INWBEG.js"
          },
          {
            "path": "node_modules/@zodiacs/engine/dist/chunk-EDOI473S.js",
            "kind": "import-statement",
            "original": "./chunk-EDOI473S.js"
          },
          {
            "path": "node_modules/@zodiacs/engine/dist/chunk-CPALRSPC.js",
            "kind": "import-statement",
            "original": "./chunk-CPALRSPC.js"
          },
          {
            "path": "node_modules/@zodiacs/engine/dist/chunk-INI453VG.js",
            "kind": "import-statement",
            "original": "./chunk-INI453VG.js"
          }
        ]
      }
    ],
    "metafile": {
      "inputs": {
        "node_modules/@zodiacs/engine/dist/chunk-INI453VG.js": {
          "bytes": 4693,
          "imports": [],
          "format": "esm"
        },
        "node_modules/@zodiacs/engine/dist/chunk-EDOI473S.js": {
          "bytes": 4213,
          "imports": [
            {
              "path": "node_modules/@zodiacs/engine/dist/chunk-INI453VG.js",
              "kind": "import-statement",
              "original": "./chunk-INI453VG.js"
            }
          ],
          "format": "esm"
        },
        "node_modules/astronomy-engine/esm/astronomy.js": {
          "bytes": 412025,
          "imports": [],
          "format": "esm"
        },
        "node_modules/@zodiacs/engine/dist/chunk-S2INWBEG.js": {
          "bytes": 4644,
          "imports": [
            {
              "path": "node_modules/@zodiacs/engine/dist/chunk-EDOI473S.js",
              "kind": "import-statement",
              "original": "./chunk-EDOI473S.js"
            },
            {
              "path": "node_modules/@zodiacs/engine/dist/chunk-INI453VG.js",
              "kind": "import-statement",
              "original": "./chunk-INI453VG.js"
            },
            {
              "path": "node_modules/astronomy-engine/esm/astronomy.js",
              "kind": "import-statement",
              "original": "astronomy-engine"
            }
          ],
          "format": "esm"
        },
        "node_modules/@zodiacs/engine/dist/chunk-CPALRSPC.js": {
          "bytes": 1459,
          "imports": [],
          "format": "esm"
        },
        "node_modules/@zodiacs/engine/dist/index.js": {
          "bytes": 11547,
          "imports": [
            {
              "path": "node_modules/@zodiacs/engine/dist/chunk-S2INWBEG.js",
              "kind": "import-statement",
              "original": "./chunk-S2INWBEG.js"
            },
            {
              "path": "node_modules/@zodiacs/engine/dist/chunk-EDOI473S.js",
              "kind": "import-statement",
              "original": "./chunk-EDOI473S.js"
            },
            {
              "path": "node_modules/@zodiacs/engine/dist/chunk-CPALRSPC.js",
              "kind": "import-statement",
              "original": "./chunk-CPALRSPC.js"
            },
            {
              "path": "node_modules/@zodiacs/engine/dist/chunk-INI453VG.js",
              "kind": "import-statement",
              "original": "./chunk-INI453VG.js"
            }
          ],
          "format": "esm"
        },
        "../../../../../../../var/folders/yj/t3y9tw9d1rj9mxk5z2_pkxpw0000gn/T/zodiacs-engine-consumer-vE97u9/root-public-entry.mjs": {
          "bytes": 32,
          "imports": [
            {
              "path": "node_modules/@zodiacs/engine/dist/index.js",
              "kind": "import-statement",
              "original": "@zodiacs/engine"
            }
          ],
          "format": "esm"
        }
      },
      "outputs": {
        "stdin.js": {
          "imports": [],
          "exports": [
            "ASPECTS",
            "ASPECT_BODIES",
            "ASPECT_TYPES",
            "ELEMENTS",
            "ENGINE_VERSION",
            "HOUSE_SYSTEMS",
            "MODALITIES",
            "SIGNS",
            "SIGN_NAMES",
            "computeAngles",
            "computeHouses",
            "degreeInSign",
            "elementBalance",
            "findAspects",
            "findInterAspects",
            "findLongitudeCrossings",
            "groupIntoSeasons",
            "houseOf",
            "matchAspect",
            "meanObliquity",
            "modalityBalance",
            "moonPhase",
            "natalChart",
            "normalizeLongitude",
            "placidusCusps",
            "positions",
            "ramcOf",
            "saturnReturn",
            "separation",
            "signForLongitude",
            "signIndexForLongitude",
            "summarizePair",
            "synastry",
            "transits",
            "wholeSignCusps"
          ],
          "entryPoint": "../../../../../../../var/folders/yj/t3y9tw9d1rj9mxk5z2_pkxpw0000gn/T/zodiacs-engine-consumer-vE97u9/root-public-entry.mjs",
          "inputs": {
            "node_modules/@zodiacs/engine/dist/chunk-INI453VG.js": {
              "bytesInOutput": 4426
            },
            "node_modules/@zodiacs/engine/dist/chunk-EDOI473S.js": {
              "bytesInOutput": 3964
            },
            "node_modules/astronomy-engine/esm/astronomy.js": {
              "bytesInOutput": 79834
            },
            "node_modules/@zodiacs/engine/dist/chunk-S2INWBEG.js": {
              "bytesInOutput": 4164
            },
            "node_modules/@zodiacs/engine/dist/chunk-CPALRSPC.js": {
              "bytesInOutput": 1414
            },
            "node_modules/@zodiacs/engine/dist/index.js": {
              "bytesInOutput": 10344
            },
            "../../../../../../../var/folders/yj/t3y9tw9d1rj9mxk5z2_pkxpw0000gn/T/zodiacs-engine-consumer-vE97u9/root-public-entry.mjs": {
              "bytesInOutput": 0
            }
          },
          "bytes": 106620
        }
      }
    }
  }
}
