CLI Building entry: src/geo.ts, src/index.ts, src/internal-math.ts, src/internal.ts, src/receipt.ts
CLI Using tsconfig: tsconfig.build.json
CLI tsup v8.5.1
CLI Target: es2022
CLI Cleaning output folder
ESM Build start
ESM dist/geo.js            11.33 KB
ESM dist/internal.js       245.00 B
ESM dist/chunk-EDOI473S.js 4.11 KB
ESM dist/chunk-S2INWBEG.js 4.54 KB
ESM dist/internal-math.js  591.00 B
ESM dist/chunk-CPALRSPC.js 1.42 KB
ESM dist/receipt.js        24.36 KB
ESM dist/chunk-INI453VG.js 4.58 KB
ESM dist/index.js          11.28 KB
ESM ⚡️ Build success in 63ms
DTS Build start
DTS ⚡️ Build success in 1194ms
DTS dist/internal.d.ts               502.00 B
DTS dist/receipt.d.ts                6.37 KB
DTS dist/geo.d.ts                    2.12 KB
DTS dist/index.d.ts                  3.92 KB
DTS dist/internal-math.d.ts          595.00 B
DTS dist/types-BGhhOIql.d.ts         4.65 KB
DTS dist/internal-math-CP535oGJ.d.ts 5.50 KB
[
  {
    "id": "@zodiacs/engine@0.1.1-rc.4",
    "name": "@zodiacs/engine",
    "version": "0.1.1-rc.4",
    "size": 33669,
    "unpackedSize": 112949,
    "shasum": "abe737a85acea1ac39db187d9fac6b41be3cf9b7",
    "integrity": "sha512-Uf5TlB+z88CkLB04caHQIDbT1/2QfXnn77l+69yB2bEF6ZRwnXIzqnfhCvwhtLSYIuWT2nXDTA/uhiVLGWLVhQ==",
    "filename": "zodiacs-engine-0.1.1-rc.4.tgz",
    "files": [
      {
        "path": "CHANGELOG.md",
        "size": 4199,
        "mode": 420
      },
      {
        "path": "LICENSE",
        "size": 1068,
        "mode": 420
      },
      {
        "path": "LICENSING.md",
        "size": 2591,
        "mode": 420
      },
      {
        "path": "NOTICE",
        "size": 1378,
        "mode": 420
      },
      {
        "path": "README.md",
        "size": 13428,
        "mode": 420
      },
      {
        "path": "dist/chunk-CPALRSPC.js",
        "size": 1459,
        "mode": 420
      },
      {
        "path": "dist/chunk-EDOI473S.js",
        "size": 4213,
        "mode": 420
      },
      {
        "path": "dist/chunk-INI453VG.js",
        "size": 4693,
        "mode": 420
      },
      {
        "path": "dist/chunk-S2INWBEG.js",
        "size": 4644,
        "mode": 420
      },
      {
        "path": "dist/geo.d.ts",
        "size": 2172,
        "mode": 420
      },
      {
        "path": "dist/geo.js",
        "size": 11597,
        "mode": 420
      },
      {
        "path": "dist/index.d.ts",
        "size": 4010,
        "mode": 420
      },
      {
        "path": "dist/index.js",
        "size": 11547,
        "mode": 420
      },
      {
        "path": "dist/internal-math-CP535oGJ.d.ts",
        "size": 5630,
        "mode": 420
      },
      {
        "path": "dist/internal-math.d.ts",
        "size": 595,
        "mode": 420
      },
      {
        "path": "dist/internal-math.js",
        "size": 591,
        "mode": 420
      },
      {
        "path": "dist/internal.d.ts",
        "size": 502,
        "mode": 420
      },
      {
        "path": "dist/internal.js",
        "size": 245,
        "mode": 420
      },
      {
        "path": "dist/receipt.d.ts",
        "size": 6522,
        "mode": 420
      },
      {
        "path": "dist/receipt.js",
        "size": 24948,
        "mode": 420
      },
      {
        "path": "dist/types-BGhhOIql.d.ts",
        "size": 4763,
        "mode": 420
      },
      {
        "path": "package.json",
        "size": 2154,
        "mode": 420
      }
    ],
    "entryCount": 22,
    "bundled": []
  }
]
