[
  {
    "id": "@zodiacs/engine@0.1.1-rc.4",
    "name": "@zodiacs/engine",
    "version": "0.1.1-rc.4",
    "size": 33669,
    "unpackedSize": 112949,
    "shasum": "abe737a85acea1ac39db187d9fac6b41be3cf9b7",
    "integrity": "sha512-Uf5TlB+z88CkLB04caHQIDbT1/2QfXnn77l+69yB2bEF6ZRwnXIzqnfhCvwhtLSYIuWT2nXDTA/uhiVLGWLVhQ==",
    "filename": "zodiacs-engine-0.1.1-rc.4.tgz",
    "files": [
      {
        "path": "CHANGELOG.md",
        "size": 4199,
        "mode": 420
      },
      {
        "path": "LICENSE",
        "size": 1068,
        "mode": 420
      },
      {
        "path": "LICENSING.md",
        "size": 2591,
        "mode": 420
      },
      {
        "path": "NOTICE",
        "size": 1378,
        "mode": 420
      },
      {
        "path": "README.md",
        "size": 13428,
        "mode": 420
      },
      {
        "path": "dist/chunk-CPALRSPC.js",
        "size": 1459,
        "mode": 420
      },
      {
        "path": "dist/chunk-EDOI473S.js",
        "size": 4213,
        "mode": 420
      },
      {
        "path": "dist/chunk-INI453VG.js",
        "size": 4693,
        "mode": 420
      },
      {
        "path": "dist/chunk-S2INWBEG.js",
        "size": 4644,
        "mode": 420
      },
      {
        "path": "dist/geo.d.ts",
        "size": 2172,
        "mode": 420
      },
      {
        "path": "dist/geo.js",
        "size": 11597,
        "mode": 420
      },
      {
        "path": "dist/index.d.ts",
        "size": 4010,
        "mode": 420
      },
      {
        "path": "dist/index.js",
        "size": 11547,
        "mode": 420
      },
      {
        "path": "dist/internal-math-CP535oGJ.d.ts",
        "size": 5630,
        "mode": 420
      },
      {
        "path": "dist/internal-math.d.ts",
        "size": 595,
        "mode": 420
      },
      {
        "path": "dist/internal-math.js",
        "size": 591,
        "mode": 420
      },
      {
        "path": "dist/internal.d.ts",
        "size": 502,
        "mode": 420
      },
      {
        "path": "dist/internal.js",
        "size": 245,
        "mode": 420
      },
      {
        "path": "dist/receipt.d.ts",
        "size": 6522,
        "mode": 420
      },
      {
        "path": "dist/receipt.js",
        "size": 24948,
        "mode": 420
      },
      {
        "path": "dist/types-BGhhOIql.d.ts",
        "size": 4763,
        "mode": 420
      },
      {
        "path": "package.json",
        "size": 2154,
        "mode": 420
      }
    ],
    "entryCount": 22,
    "bundled": []
  }
]
